
╔════════════════════════════════════════════════════════════════════╗
║       Batch Test Generation — 28 Jira Tickets              ║
╚════════════════════════════════════════════════════════════════════╝

[1/28] GAAM-1267...
  ✅ GAAM-1267
[2/28] GAAM-1265...
  ✅ GAAM-1265
[3/28] GAAM-1252...
  ✅ GAAM-1252
[4/28] GAAM-1245...
  ✅ GAAM-1245
[5/28] GAAM-1244...
  ✅ GAAM-1244
[6/28] GAAM-1217...
  ✅ GAAM-1217
[7/28] GAAM-1192...
  ✅ GAAM-1192
[8/28] GAAM-1179...
  ✅ GAAM-1179
[9/28] GAAM-1174...
  ✅ GAAM-1174
[10/28] GAAM-1172...
  ✅ GAAM-1172
[11/28] GAAM-1155...
  ✅ GAAM-1155
[12/28] GAAM-1145...
  ✅ GAAM-1145
[13/28] GAAM-1138...
  ✅ GAAM-1138
[14/28] GAAM-1101...
  ✅ GAAM-1101
[15/28] GAAM-1089...
  ✅ GAAM-1089
[16/28] GAAM-1084...
  ✅ GAAM-1084
[17/28] GAAM-1082...
  ✅ GAAM-1082
[18/28] GAAM-1073...
  ✅ GAAM-1073
[19/28] GAAM-1063...
  ✅ GAAM-1063
[20/28] GAAM-1062...
  ✅ GAAM-1062
[21/28] GAAM-1021...
  ✅ GAAM-1021
[22/28] GAAM-989...
  ✅ GAAM-989
[23/28] GAAM-978...
  ✅ GAAM-978
[24/28] GAAM-903...
  ✅ GAAM-903
[25/28] GAAM-747...
  ✅ GAAM-747
[26/28] GAAM-450...
  ✅ GAAM-450
[27/28] GAAM-278...
  ✅ GAAM-278
[28/28] GAAM-170...
  ✅ GAAM-170

╔════════════════════════════════════════════════════════════════════╗
║                    BATCH GENERATION COMPLETE                       ║
╚════════════════════════════════════════════════════════════════════╝

📊 Results:
   ✅ Passed: 28/28
   ❌ Failed: 0/28

⏱️ Duration: 6m 6s

📁 Files Generated:
   Specs: 46
   POMs: 38
   HTML Summaries: 25

✅ All tickets processed successfully!
